// Jest Snapshot v1, https://goo.gl/fbAQLP

exports[`Snapshot test - AppsyncCdkApp 1`] = `Object {}`;
